../Core/Src/main.c:51:6:startTimer1	16	static
../Core/Src/main.c:55:6:stopTimer1	16	static
../Core/Src/main.c:69:6:handleButtonPress1	24	static
../Core/Src/main.c:82:6:handleButtonRelease1	16	static
../Core/Src/main.c:133:5:main	16	static
../Core/Src/main.c:185:6:SystemClock_Config	88	static
../Core/Src/main.c:227:13:MX_TIM14_Init	8	static
../Core/Src/main.c:258:13:MX_USART2_UART_Init	8	static
../Core/Src/main.c:289:13:MX_DMA_Init	16	static
../Core/Src/main.c:307:13:MX_GPIO_Init	40	static
../Core/Src/main.c:354:6:Error_Handler	4	static,ignoring_inline_asm
